// Jest Snapshot v1, https://goo.gl/fbAQLP

exports[`Panel Component should render correctly 1`] = `
<styled.section>
  <styled.section />
  <styled.img
    src="/img/coins.png"
  />
</styled.section>
`;
